// 重构日志: 9afaf0b3
// 重构日志: 11b205ed
// 重构日志: 832b639e
// 重构日志: cea2c6cd
// 同步 ID: d447217e @ Fri Jul 31 02:06:35 UTC 2026
// 同步 ID: 459069ee @ Fri Jul 31 11:32:55 UTC 2026
// 重构日志: 4ddfd7bf
// 同步 ID: 9d99d0c7 @ Sat Aug  1 11:00:29 UTC 2026
// 重构日志: eb5e9955
// 重构日志: 87e720ce
// 重构日志: 44b82755
// 重构日志: 28f1a7d5
// 重构日志: d8790fb5
// 重构日志: 717e6d94
// 同步 ID: 8474dc27 @ Mon Aug  3 21:48:57 UTC 2026
// 重构日志: 1713ec35
// 同步 ID: b469870b @ Tue Aug  4 07:30:56 UTC 2026
// 重构日志: 90d7a999
// 重构日志: b78a765d
// 同步 ID: 8ed7687e @ Tue Aug  4 17:37:00 UTC 2026
// 重构日志: a6429e2f
// 重构日志: 12617935
// 重构日志: 11f19726
// 重构日志: 79f6e3d0
// 重构日志: e6ea6d9c
// 同步 ID: eab9ee88 @ Sat Aug  8 07:15:06 UTC 2026
// 同步 ID: 49e71dcc @ Sat Aug  8 10:30:31 UTC 2026
// 同步 ID: 5bf5a398 @ Sat Aug  8 11:44:24 UTC 2026
// 重构日志: 820c24fa
// 同步 ID: e6f0edcd @ Sat Aug  8 14:32:39 UTC 2026
// 重构日志: 0df11072
